2024-11-25 16:57:00 [::1][-][bgjatj43jshoiocnn9jcdmm8sf][error][yii\base\InvalidConfigException] yii\base\InvalidConfigException: The table does not exist: {{%user}} in /Applications/MAMP/htdocs/yii2Relacionamento/APP/vendor/yiisoft/yii2/db/ActiveRecord.php:442
Stack trace:
#0 /Applications/MAMP/htdocs/yii2Relacionamento/APP/vendor/yiisoft/yii2/db/ActiveRecord.php(266): yii\db\ActiveRecord::getTableSchema()
#1 /Applications/MAMP/htdocs/yii2Relacionamento/APP/vendor/yiisoft/yii2/db/ActiveRecord.php(238): yii\db\ActiveRecord::filterValidColumnNames(Object(yii\db\Connection), Array)
#2 /Applications/MAMP/htdocs/yii2Relacionamento/APP/vendor/yiisoft/yii2/db/ActiveRecord.php(195): yii\db\ActiveRecord::filterCondition(Array, Array)
#3 /Applications/MAMP/htdocs/yii2Relacionamento/APP/vendor/yiisoft/yii2/db/BaseActiveRecord.php(110): yii\db\ActiveRecord::findByCondition(Array)
#4 /Applications/MAMP/htdocs/yii2Relacionamento/APP/common/models/User.php(67): yii\db\BaseActiveRecord::findOne(Array)
#5 /Applications/MAMP/htdocs/yii2Relacionamento/APP/vendor/yiisoft/yii2/web/User.php(699): common\models\User::findIdentity(2)
#6 /Applications/MAMP/htdocs/yii2Relacionamento/APP/vendor/yiisoft/yii2/web/User.php(199): yii\web\User->renewAuthStatus()
#7 /Applications/MAMP/htdocs/yii2Relacionamento/APP/vendor/yiisoft/yii2/web/User.php(367): yii\web\User->getIdentity()
#8 /Applications/MAMP/htdocs/yii2Relacionamento/APP/vendor/yiisoft/yii2/base/Component.php(139): yii\web\User->getIsGuest()
#9 /Applications/MAMP/htdocs/yii2Relacionamento/APP/vendor/yiisoft/yii2-debug/src/panels/UserPanel.php(83): yii\base\Component->__get('isGuest')
#10 /Applications/MAMP/htdocs/yii2Relacionamento/APP/vendor/yiisoft/yii2/base/BaseObject.php(109): yii\debug\panels\UserPanel->init()
#11 [internal function]: yii\base\BaseObject->__construct(Array)
#12 /Applications/MAMP/htdocs/yii2Relacionamento/APP/vendor/yiisoft/yii2/di/Container.php(419): ReflectionClass->newInstanceArgs(Array)
#13 /Applications/MAMP/htdocs/yii2Relacionamento/APP/vendor/yiisoft/yii2/di/Container.php(170): yii\di\Container->build('yii\\debug\\panel...', Array, Array)
#14 /Applications/MAMP/htdocs/yii2Relacionamento/APP/vendor/yiisoft/yii2/BaseYii.php(365): yii\di\Container->get('yii\\debug\\panel...', Array, Array)
#15 /Applications/MAMP/htdocs/yii2Relacionamento/APP/vendor/yiisoft/yii2-debug/src/Module.php(253): yii\BaseYii::createObject(Array)
#16 /Applications/MAMP/htdocs/yii2Relacionamento/APP/vendor/yiisoft/yii2-debug/src/Module.php(225): yii\debug\Module->initPanels()
#17 /Applications/MAMP/htdocs/yii2Relacionamento/APP/vendor/yiisoft/yii2/base/BaseObject.php(109): yii\debug\Module->init()
#18 /Applications/MAMP/htdocs/yii2Relacionamento/APP/vendor/yiisoft/yii2/base/Module.php(161): yii\base\BaseObject->__construct(Array)
#19 [internal function]: yii\base\Module->__construct('debug', Object(yii\web\Application), Array)
#20 /Applications/MAMP/htdocs/yii2Relacionamento/APP/vendor/yiisoft/yii2/di/Container.php(411): ReflectionClass->newInstanceArgs(Array)
#21 /Applications/MAMP/htdocs/yii2Relacionamento/APP/vendor/yiisoft/yii2/di/Container.php(170): yii\di\Container->build('yii\\debug\\Modul...', Array, Array)
#22 /Applications/MAMP/htdocs/yii2Relacionamento/APP/vendor/yiisoft/yii2/BaseYii.php(365): yii\di\Container->get('yii\\debug\\Modul...', Array, Array)
#23 /Applications/MAMP/htdocs/yii2Relacionamento/APP/vendor/yiisoft/yii2/base/Module.php(445): yii\BaseYii::createObject(Array, Array)
#24 /Applications/MAMP/htdocs/yii2Relacionamento/APP/vendor/yiisoft/yii2/base/Application.php(313): yii\base\Module->getModule('debug')
#25 /Applications/MAMP/htdocs/yii2Relacionamento/APP/vendor/yiisoft/yii2/web/Application.php(69): yii\base\Application->bootstrap()
#26 /Applications/MAMP/htdocs/yii2Relacionamento/APP/vendor/yiisoft/yii2/base/Application.php(271): yii\web\Application->bootstrap()
#27 /Applications/MAMP/htdocs/yii2Relacionamento/APP/vendor/yiisoft/yii2/base/BaseObject.php(109): yii\base\Application->init()
#28 /Applications/MAMP/htdocs/yii2Relacionamento/APP/vendor/yiisoft/yii2/base/Application.php(204): yii\base\BaseObject->__construct(Array)
#29 /Applications/MAMP/htdocs/yii2Relacionamento/APP/backend/web/index.php(18): yii\base\Application->__construct(Array)
#30 {main}
2024-11-25 16:56:59 [::1][-][bgjatj43jshoiocnn9jcdmm8sf][info][application] $_GET = []

$_POST = []

$_FILES = []

$_COOKIE = [
    '_identity-backend' => '6da4984eaed5eee9d17b35f9a849094553e95e5e9dc4ced847f4fe603a6b3284a:2:{i:0;s:17:\"_identity-backend\";i:1;s:46:\"[2,\"vLWFLfH9V1K3rbEekRYbF1tKNWN562x1\",2592000]\";}'
    '_csrf-backend' => '1583300973f4254a7b87209c3807f1beab3c3dc63da83f6eaef6048cf7bdf1f3a:2:{i:0;s:13:\"_csrf-backend\";i:1;s:32:\"q9MA-Awoku9X4I8BdGDlM3pdNQoOdJCT\";}'
    'advanced-backend' => 'bgjatj43jshoiocnn9jcdmm8sf'
    'sidebar-collapse' => 'false'
    'dropdown-legacy' => 'false'
    'layout-navbar-fixed' => 'false'
    'dark-mode' => 'false'
]

$_SESSION = [
    '__flash' => []
    '__id' => 2
    '__authKey' => 'vLWFLfH9V1K3rbEekRYbF1tKNWN562x1'
]

$_SERVER = [
    'HTTP_HOST' => 'localhost'
    'HTTP_SEC_FETCH_SITE' => 'same-origin'
    'HTTP_ACCEPT_ENCODING' => 'gzip, deflate'
    'HTTP_ACCEPT_LANGUAGE' => 'en-US,en;q=0.9'
    'HTTP_SEC_FETCH_MODE' => 'navigate'
    'HTTP_ACCEPT' => 'text/html,application/xhtml+xml,application/xml;q=0.9,*/*;q=0.8'
    'HTTP_USER_AGENT' => 'Mozilla/5.0 (Macintosh; Intel Mac OS X 10_15_7) AppleWebKit/605.1.15 (KHTML, like Gecko) Version/18.0.1 Safari/605.1.15'
    'HTTP_CONNECTION' => 'keep-alive'
    'HTTP_UPGRADE_INSECURE_REQUESTS' => '1'
    'HTTP_REFERER' => 'http://localhost/yii2Relacionamento/APP/backend/'
    'HTTP_COOKIE' => '_identity-backend=6da4984eaed5eee9d17b35f9a849094553e95e5e9dc4ced847f4fe603a6b3284a%3A2%3A%7Bi%3A0%3Bs%3A17%3A%22_identity-backend%22%3Bi%3A1%3Bs%3A46%3A%22%5B2%2C%22vLWFLfH9V1K3rbEekRYbF1tKNWN562x1%22%2C2592000%5D%22%3B%7D; _csrf-backend=1583300973f4254a7b87209c3807f1beab3c3dc63da83f6eaef6048cf7bdf1f3a%3A2%3A%7Bi%3A0%3Bs%3A13%3A%22_csrf-backend%22%3Bi%3A1%3Bs%3A32%3A%22q9MA-Awoku9X4I8BdGDlM3pdNQoOdJCT%22%3B%7D; advanced-backend=bgjatj43jshoiocnn9jcdmm8sf; sidebar-collapse=false; dropdown-legacy=false; layout-navbar-fixed=false; dark-mode=false'
    'HTTP_SEC_FETCH_DEST' => 'document'
    'PATH' => '/usr/bin:/bin:/usr/sbin:/sbin'
    'SERVER_SIGNATURE' => ''
    'SERVER_SOFTWARE' => 'Apache/2.4.54 (Unix) OpenSSL/1.0.2u PHP/8.1.13 mod_wsgi/3.5 Python/2.7.18 mod_fastcgi/mod_fastcgi-SNAP-0910052141 mod_perl/2.0.11 Perl/v5.30.1'
    'SERVER_NAME' => 'localhost'
    'SERVER_ADDR' => '::1'
    'SERVER_PORT' => '80'
    'REMOTE_ADDR' => '::1'
    'DOCUMENT_ROOT' => '/Applications/MAMP/htdocs'
    'REQUEST_SCHEME' => 'http'
    'CONTEXT_PREFIX' => ''
    'CONTEXT_DOCUMENT_ROOT' => '/Applications/MAMP/htdocs'
    'SERVER_ADMIN' => 'you@example.com'
    'SCRIPT_FILENAME' => '/Applications/MAMP/htdocs/yii2Relacionamento/APP/backend/web/index.php'
    'REMOTE_PORT' => '53684'
    'GATEWAY_INTERFACE' => 'CGI/1.1'
    'SERVER_PROTOCOL' => 'HTTP/1.1'
    'REQUEST_METHOD' => 'GET'
    'QUERY_STRING' => ''
    'REQUEST_URI' => '/yii2Relacionamento/APP/backend/web/'
    'SCRIPT_NAME' => '/yii2Relacionamento/APP/backend/web/index.php'
    'PHP_SELF' => '/yii2Relacionamento/APP/backend/web/index.php'
    'REQUEST_TIME_FLOAT' => 1732553819.8763
    'REQUEST_TIME' => 1732553819
]
2024-11-25 17:00:29 [::1][-][bgjatj43jshoiocnn9jcdmm8sf][error][yii\base\InvalidConfigException] yii\base\InvalidConfigException: The table does not exist: {{%user}} in /Applications/MAMP/htdocs/yii2Relacionamento/APP/vendor/yiisoft/yii2/db/ActiveRecord.php:442
Stack trace:
#0 /Applications/MAMP/htdocs/yii2Relacionamento/APP/vendor/yiisoft/yii2/db/ActiveRecord.php(266): yii\db\ActiveRecord::getTableSchema()
#1 /Applications/MAMP/htdocs/yii2Relacionamento/APP/vendor/yiisoft/yii2/db/ActiveRecord.php(238): yii\db\ActiveRecord::filterValidColumnNames(Object(yii\db\Connection), Array)
#2 /Applications/MAMP/htdocs/yii2Relacionamento/APP/vendor/yiisoft/yii2/db/ActiveRecord.php(195): yii\db\ActiveRecord::filterCondition(Array, Array)
#3 /Applications/MAMP/htdocs/yii2Relacionamento/APP/vendor/yiisoft/yii2/db/BaseActiveRecord.php(110): yii\db\ActiveRecord::findByCondition(Array)
#4 /Applications/MAMP/htdocs/yii2Relacionamento/APP/common/models/User.php(67): yii\db\BaseActiveRecord::findOne(Array)
#5 /Applications/MAMP/htdocs/yii2Relacionamento/APP/vendor/yiisoft/yii2/web/User.php(699): common\models\User::findIdentity(2)
#6 /Applications/MAMP/htdocs/yii2Relacionamento/APP/vendor/yiisoft/yii2/web/User.php(199): yii\web\User->renewAuthStatus()
#7 /Applications/MAMP/htdocs/yii2Relacionamento/APP/vendor/yiisoft/yii2/web/User.php(367): yii\web\User->getIdentity()
#8 /Applications/MAMP/htdocs/yii2Relacionamento/APP/vendor/yiisoft/yii2/base/Component.php(139): yii\web\User->getIsGuest()
#9 /Applications/MAMP/htdocs/yii2Relacionamento/APP/vendor/yiisoft/yii2-debug/src/panels/UserPanel.php(83): yii\base\Component->__get('isGuest')
#10 /Applications/MAMP/htdocs/yii2Relacionamento/APP/vendor/yiisoft/yii2/base/BaseObject.php(109): yii\debug\panels\UserPanel->init()
#11 [internal function]: yii\base\BaseObject->__construct(Array)
#12 /Applications/MAMP/htdocs/yii2Relacionamento/APP/vendor/yiisoft/yii2/di/Container.php(419): ReflectionClass->newInstanceArgs(Array)
#13 /Applications/MAMP/htdocs/yii2Relacionamento/APP/vendor/yiisoft/yii2/di/Container.php(170): yii\di\Container->build('yii\\debug\\panel...', Array, Array)
#14 /Applications/MAMP/htdocs/yii2Relacionamento/APP/vendor/yiisoft/yii2/BaseYii.php(365): yii\di\Container->get('yii\\debug\\panel...', Array, Array)
#15 /Applications/MAMP/htdocs/yii2Relacionamento/APP/vendor/yiisoft/yii2-debug/src/Module.php(253): yii\BaseYii::createObject(Array)
#16 /Applications/MAMP/htdocs/yii2Relacionamento/APP/vendor/yiisoft/yii2-debug/src/Module.php(225): yii\debug\Module->initPanels()
#17 /Applications/MAMP/htdocs/yii2Relacionamento/APP/vendor/yiisoft/yii2/base/BaseObject.php(109): yii\debug\Module->init()
#18 /Applications/MAMP/htdocs/yii2Relacionamento/APP/vendor/yiisoft/yii2/base/Module.php(161): yii\base\BaseObject->__construct(Array)
#19 [internal function]: yii\base\Module->__construct('debug', Object(yii\web\Application), Array)
#20 /Applications/MAMP/htdocs/yii2Relacionamento/APP/vendor/yiisoft/yii2/di/Container.php(411): ReflectionClass->newInstanceArgs(Array)
#21 /Applications/MAMP/htdocs/yii2Relacionamento/APP/vendor/yiisoft/yii2/di/Container.php(170): yii\di\Container->build('yii\\debug\\Modul...', Array, Array)
#22 /Applications/MAMP/htdocs/yii2Relacionamento/APP/vendor/yiisoft/yii2/BaseYii.php(365): yii\di\Container->get('yii\\debug\\Modul...', Array, Array)
#23 /Applications/MAMP/htdocs/yii2Relacionamento/APP/vendor/yiisoft/yii2/base/Module.php(445): yii\BaseYii::createObject(Array, Array)
#24 /Applications/MAMP/htdocs/yii2Relacionamento/APP/vendor/yiisoft/yii2/base/Application.php(313): yii\base\Module->getModule('debug')
#25 /Applications/MAMP/htdocs/yii2Relacionamento/APP/vendor/yiisoft/yii2/web/Application.php(69): yii\base\Application->bootstrap()
#26 /Applications/MAMP/htdocs/yii2Relacionamento/APP/vendor/yiisoft/yii2/base/Application.php(271): yii\web\Application->bootstrap()
#27 /Applications/MAMP/htdocs/yii2Relacionamento/APP/vendor/yiisoft/yii2/base/BaseObject.php(109): yii\base\Application->init()
#28 /Applications/MAMP/htdocs/yii2Relacionamento/APP/vendor/yiisoft/yii2/base/Application.php(204): yii\base\BaseObject->__construct(Array)
#29 /Applications/MAMP/htdocs/yii2Relacionamento/APP/backend/web/index.php(18): yii\base\Application->__construct(Array)
#30 {main}
2024-11-25 17:00:29 [::1][-][bgjatj43jshoiocnn9jcdmm8sf][info][application] $_GET = []

$_POST = []

$_FILES = []

$_COOKIE = [
    '_identity-backend' => '6da4984eaed5eee9d17b35f9a849094553e95e5e9dc4ced847f4fe603a6b3284a:2:{i:0;s:17:\"_identity-backend\";i:1;s:46:\"[2,\"vLWFLfH9V1K3rbEekRYbF1tKNWN562x1\",2592000]\";}'
    '_csrf-backend' => '1583300973f4254a7b87209c3807f1beab3c3dc63da83f6eaef6048cf7bdf1f3a:2:{i:0;s:13:\"_csrf-backend\";i:1;s:32:\"q9MA-Awoku9X4I8BdGDlM3pdNQoOdJCT\";}'
    'advanced-backend' => 'bgjatj43jshoiocnn9jcdmm8sf'
    'sidebar-collapse' => 'false'
    'dropdown-legacy' => 'false'
    'layout-navbar-fixed' => 'false'
    'dark-mode' => 'false'
]

$_SESSION = [
    '__flash' => []
    '__id' => 2
    '__authKey' => 'vLWFLfH9V1K3rbEekRYbF1tKNWN562x1'
]

$_SERVER = [
    'HTTP_HOST' => 'localhost'
    'HTTP_SEC_FETCH_SITE' => 'same-origin'
    'HTTP_ACCEPT_ENCODING' => 'gzip, deflate'
    'HTTP_ACCEPT_LANGUAGE' => 'en-US,en;q=0.9'
    'HTTP_SEC_FETCH_MODE' => 'navigate'
    'HTTP_ACCEPT' => 'text/html,application/xhtml+xml,application/xml;q=0.9,*/*;q=0.8'
    'HTTP_USER_AGENT' => 'Mozilla/5.0 (Macintosh; Intel Mac OS X 10_15_7) AppleWebKit/605.1.15 (KHTML, like Gecko) Version/18.0.1 Safari/605.1.15'
    'HTTP_CONNECTION' => 'keep-alive'
    'HTTP_UPGRADE_INSECURE_REQUESTS' => '1'
    'HTTP_REFERER' => 'http://localhost/yii2Relacionamento/APP/backend/'
    'HTTP_COOKIE' => '_identity-backend=6da4984eaed5eee9d17b35f9a849094553e95e5e9dc4ced847f4fe603a6b3284a%3A2%3A%7Bi%3A0%3Bs%3A17%3A%22_identity-backend%22%3Bi%3A1%3Bs%3A46%3A%22%5B2%2C%22vLWFLfH9V1K3rbEekRYbF1tKNWN562x1%22%2C2592000%5D%22%3B%7D; _csrf-backend=1583300973f4254a7b87209c3807f1beab3c3dc63da83f6eaef6048cf7bdf1f3a%3A2%3A%7Bi%3A0%3Bs%3A13%3A%22_csrf-backend%22%3Bi%3A1%3Bs%3A32%3A%22q9MA-Awoku9X4I8BdGDlM3pdNQoOdJCT%22%3B%7D; advanced-backend=bgjatj43jshoiocnn9jcdmm8sf; sidebar-collapse=false; dropdown-legacy=false; layout-navbar-fixed=false; dark-mode=false'
    'HTTP_SEC_FETCH_DEST' => 'document'
    'PATH' => '/usr/bin:/bin:/usr/sbin:/sbin'
    'SERVER_SIGNATURE' => ''
    'SERVER_SOFTWARE' => 'Apache/2.4.54 (Unix) OpenSSL/1.0.2u PHP/8.1.13 mod_wsgi/3.5 Python/2.7.18 mod_fastcgi/mod_fastcgi-SNAP-0910052141 mod_perl/2.0.11 Perl/v5.30.1'
    'SERVER_NAME' => 'localhost'
    'SERVER_ADDR' => '::1'
    'SERVER_PORT' => '80'
    'REMOTE_ADDR' => '::1'
    'DOCUMENT_ROOT' => '/Applications/MAMP/htdocs'
    'REQUEST_SCHEME' => 'http'
    'CONTEXT_PREFIX' => ''
    'CONTEXT_DOCUMENT_ROOT' => '/Applications/MAMP/htdocs'
    'SERVER_ADMIN' => 'you@example.com'
    'SCRIPT_FILENAME' => '/Applications/MAMP/htdocs/yii2Relacionamento/APP/backend/web/index.php'
    'REMOTE_PORT' => '53689'
    'GATEWAY_INTERFACE' => 'CGI/1.1'
    'SERVER_PROTOCOL' => 'HTTP/1.1'
    'REQUEST_METHOD' => 'GET'
    'QUERY_STRING' => ''
    'REQUEST_URI' => '/yii2Relacionamento/APP/backend/web/'
    'SCRIPT_NAME' => '/yii2Relacionamento/APP/backend/web/index.php'
    'PHP_SELF' => '/yii2Relacionamento/APP/backend/web/index.php'
    'REQUEST_TIME_FLOAT' => 1732554029.3744
    'REQUEST_TIME' => 1732554029
]
